Component: ARM Compiler 5.06 update 3 (build 300) Tool: armlink [4d35c9]

==============================================================================

Section Cross References

    assigment.o(RESET) refers to assigment.o(MYCODE) for Reset_Handler
    assigment.o(MYCODE) refers to assigment.o(RESET) for ARRAY_POINTER


==============================================================================

Image Symbol Table

    Local Symbols

    Symbol Name                              Value     Ov Type        Size  Object(Section)

    RESET                                    0x00000000   Section       56  assigment.o(RESET)
    assigment.s                              0x00000000   Number         0  assigment.o ABSOLUTE
    ARRAY                                    0x00000008   Data          44  assigment.o(RESET)
    ARRAY_POINTER                            0x00000034   Data           4  assigment.o(RESET)
    MYCODE                                   0x00000038   Section       96  assigment.o(MYCODE)

    Global Symbols

    Symbol Name                              Value     Ov Type        Size  Object(Section)

    BuildAttributes$$THM_ISAv4$E$P$D$K$B$S$7EM$PE$A:L22UL41UL21$X:L11$S22US41US21$IEEE1$IW$USESV6$~STKCKD$USESV7$~SHL$OSPACE$EBA8$STANDARDLIB$PRES8$EABIv2 0x00000000   Number         0  anon$$obj.o ABSOLUTE
    __Vectors                                0x00000000   Data           0  assigment.o(RESET)
    Reset_Handler                            0x00000039   Thumb Code     0  assigment.o(MYCODE)



==============================================================================

Memory Map of the image

  Image Entry point : 0x00000039

  Load Region LR_1 (Base: 0x00000000, Size: 0x00000098, Max: 0xffffffff, ABSOLUTE)

    Execution Region ER_RO (Base: 0x00000000, Size: 0x00000098, Max: 0xffffffff, ABSOLUTE)

    Base Addr    Size         Type   Attr      Idx    E Section Name        Object

    0x00000000   0x00000038   Data   RO            1    RESET               assigment.o
    0x00000038   0x00000060   Code   RO            2  * MYCODE              assigment.o


    Execution Region ER_RW (Base: 0x20000000, Size: 0x00000000, Max: 0xffffffff, ABSOLUTE)

    **** No section assigned to this execution region ****


    Execution Region ER_ZI (Base: 0x20000000, Size: 0x00000000, Max: 0xffffffff, ABSOLUTE)

    **** No section assigned to this execution region ****


==============================================================================

Image component sizes


      Code (inc. data)   RO Data    RW Data    ZI Data      Debug   Object Name

        96          0         56          0          0        316   assigment.o

    ----------------------------------------------------------------------
        96          0         56          0          0        316   Object Totals
         0          0          0          0          0          0   (incl. Generated)
         0          0          0          0          0          0   (incl. Padding)

    ----------------------------------------------------------------------
         0          0          0          0          0          0   Library Totals
         0          0          0          0          0          0   (incl. Padding)

    ----------------------------------------------------------------------

==============================================================================


      Code (inc. data)   RO Data    RW Data    ZI Data      Debug   

        96          0         56          0          0        316   Grand Totals
        96          0         56          0          0        316   ELF Image Totals
        96          0         56          0          0          0   ROM Totals

==============================================================================

    Total RO  Size (Code + RO Data)                  152 (   0.15kB)
    Total RW  Size (RW Data + ZI Data)                 0 (   0.00kB)
    Total ROM Size (Code + RO Data + RW Data)        152 (   0.15kB)

==============================================================================

